[31merror:[0m ref overwrites another ref
   â•­â”€[input:5:9]
   â”‚
 1 â”‚ <ref id="a">
   â”‚         â”€â”¬â”€  
   â”‚          â•°â”€â”€â”€ ref defined here before
   â”‚ 
 5 â”‚ <ref id="a">
   â”‚         â”€â”¬â”€  
   â”‚          â•°â”€â”€â”€ ref overwrites another ref
â”€â”€â”€â•¯

compilation failed
