<p>
  before listings
</p>

<div class="listing"><pre><span></span>fn main() {
    println!(&quot;First Listing&quot;);
}
</pre></div>

<div class="listing-title">
  some python code
</div>

<div class="listing listing-invalid"><pre><span></span><span class="hll"><span class="k">def</span> <span class="nf">main</span><span class="p">():</span>
</span><span class="hll">
</span><span class="hll">    <span class="nb">print</span> <span class="s2">&quot;Second Listing&quot;</span>
</span></pre></div>

<div class="listing"><pre><span></span>fn main() {
<span class="hll">    println!(&quot;Third Listing&quot;);
</span>}
</pre></div>

<p>
  after listings
</p>
