<h2 id="hello-world"><a href="#hello-world">
  Hello, <i>World</i>!
</a></h2>
