



<a href="http://a.com">a.com</a>
<a href="http://b.com">b.com</a>



<a href="http://c.com">c.com</a>



<a href="http://d.com">d.com</a>
