<a href="https://google.com">https://google.com</a>
