[31merror:[0m unexpected node
    â•­â”€[input:8:7]
    â”‚
  8 â”‚ â•­â”€â–¶   <!--
    â”† â”†   
 12 â”‚ â”œâ”€â–¶   -->
    â”‚ â”‚           
    â”‚ â•°â”€â”€â”€â”€â”€â”€â”€â”€â”€â”€â”€ unexpected node
â”€â”€â”€â”€â•¯

compilation failed
