<video src="https://foo/bar.jpg" controls></video>
