[31merror:[0m mismatched closing tag, expected `</note>`
   â•­â”€[ <unknown>:5:1 ]
   â”‚
 1 â”‚ <note>
   â”‚ â”¬  
   â”‚ â•°â”€â”€ ... when reading this element
   â”‚ 
 5 â”‚ </div>
   â”‚ â”€â”€â”€â”¬â”€â”€  
   â”‚    â•°â”€â”€â”€â”€ mismatched closing tag, expected `</note>`
â”€â”€â”€â•¯

compilation failed
