[31merror:[0m unexpected end of file
   â•­â”€[ <unknown>:4:8 ]
   â”‚
 1 â”‚ <note>
   â”‚ â”¬  
   â”‚ â•°â”€â”€ ... when reading this element
   â”‚ 
â”€â”€â”€â•¯

compilation failed
