<h2 id="hello-world"><a href="#hello-world">
  Hello, World!
</a></h2>

<h2 id="the-code"><a href="#the-code">
  <code>The Code</code>
</a></h2>
