[31merror:[0m unused ref: `b`
   â•­â”€[ <unknown>:5:9 ]
   â”‚
 5 â”‚ <ref id="b">
   â”‚         â”€â”¬â”€  
   â”‚          â•°â”€â”€â”€ unused ref: `b`
â”€â”€â”€â•¯

compilation failed
