[31merror:[0m unused ref
   â•­â”€[input:5:2]
   â”‚
 5 â”‚ <ref>
   â”‚  â”€â”¬â”€  
   â”‚   â•°â”€â”€â”€ unused ref
â”€â”€â”€â•¯

compilation failed
